The files belonging to this database system will be owned by user "postgres".
This user must also own the server process.

The database cluster will be initialized with locale "en_US.utf8".
The default database encoding has accordingly been set to "UTF8".
The default text search configuration will be set to "english".

Data page checksums are disabled.

fixing permissions on existing directory /var/lib/postgresql/data ... ok
creating subdirectories ... ok
selecting dynamic shared memory implementation ... posix
selecting default "max_connections" ... 100
selecting default "shared_buffers" ... 128MB
selecting default time zone ... UTC
creating configuration files ... ok
running bootstrap script ... ok
sh: locale: not found
2026-10-10 20:14:47.575 UTC [47] WARNING:  no usable system locales were found
performing post-bootstrap initialization ... ok
syncing data to disk ... ok


Success. You can now start the database server using:

    pg_ctl -D /var/lib/postgresql/data -l logfile start

initdb: warning: enabling "trust" authentication for local connections
initdb: hint: You can change this by editing pg_hba.conf or using the option -A, or --auth-local and --auth-host, the next time you run initdb.
waiting for server to start....2026-10-10 20:14:48.191 UTC [53] LOG:  starting PostgreSQL 17.11 on x86_64-pc-linux-musl, compiled by gcc (Alpine 15.2.0) 15.2.0, 64-bit
2026-10-10 20:14:48.193 UTC [53] LOG:  listening on Unix socket "/var/run/postgresql/.s.PGSQL.5432"
2026-10-10 20:14:48.194 UTC [56] LOG:  database system was shut down at 2026-10-10 20:14:47 UTC
2026-10-10 20:14:48.197 UTC [53] LOG:  database system is ready to accept connections
 done
server started
CREATE DATABASE


/usr/local/bin/docker-entrypoint.sh: ignoring /docker-entrypoint-initdb.d/*

2026-10-10 20:14:48.338 UTC [53] LOG:  received fast shutdown request
waiting for server to shut down....2026-10-10 20:14:48.339 UTC [53] LOG:  aborting any active transactions
2026-10-10 20:14:48.341 UTC [53] LOG:  background worker "logical replication launcher" (PID 59) exited with exit code 1
2026-10-10 20:14:48.341 UTC [54] LOG:  shutting down
2026-10-10 20:14:48.342 UTC [54] LOG:  checkpoint starting: shutdown immediate
2026-10-10 20:14:48.410 UTC [72] FATAL:  the database system is shutting down
2026-10-10 20:14:48.462 UTC [54] LOG:  checkpoint complete: wrote 926 buffers (5.7%); 0 WAL file(s) added, 0 removed, 0 recycled; write=0.034 s, sync=0.085 s, total=0.121 s; sync files=301, longest=0.002 s, average=0.001 s; distance=4266 kB, estimate=4266 kB; lsn=0/191E820, redo lsn=0/191E820
2026-10-10 20:14:48.467 UTC [53] LOG:  database system is shut down
 done
server stopped

PostgreSQL init process complete; ready for start up.

2026-10-10 20:14:48.553 UTC [1] LOG:  starting PostgreSQL 17.11 on x86_64-pc-linux-musl, compiled by gcc (Alpine 15.2.0) 15.2.0, 64-bit
2026-10-10 20:14:48.553 UTC [1] LOG:  listening on IPv4 address "0.0.0.0", port 5432
2026-10-10 20:14:48.553 UTC [1] LOG:  listening on IPv6 address "::", port 5432
2026-10-10 20:14:48.554 UTC [1] LOG:  listening on Unix socket "/var/run/postgresql/.s.PGSQL.5432"
2026-10-10 20:14:48.556 UTC [76] LOG:  database system was shut down at 2026-10-10 20:14:48 UTC
2026-10-10 20:14:48.559 UTC [1] LOG:  database system is ready to accept connections
