"/workspace/work/actions-mk3-db-savepoint/developer/toolkit.yaml" as robot.yaml is:
# Repository developer toolkit.
#
# RCC owns the reproducible toolchain and task boundary. Poetry remains the
# dependency and package-release authority inside each package.

tasks:
  Doctor:
    shell: python toolkit.py doctor

devTasks:
  Doctor:
    shell: python toolkit.py doctor
  Bootstrap:
    shell: python toolkit.py bootstrap
  Test:
    shell: python toolkit.py test
  ToolkitTest:
    shell: python toolkit.py toolkit-test
  Lint:
    shell: python toolkit.py lint
  Typecheck:
    shell: python toolkit.py typecheck
  Docs:
    shell: python toolkit.py docs
  CheckAll:
    shell: python toolkit.py check-all
  Coverage:
    shell: python toolkit.py coverage
  FrontendTest:
    shell: python toolkit.py frontend-test
  InstallCommunity:
    shell: python toolkit.py install-community

environmentConfigs:
  - setup_windows_amd64.yaml
  - setup.yaml

artifactsDir: tmp

PATH:
  - .
PYTHONPATH:
  - .
ignoreFiles:
  - ../.gitignore

Note! For now, resolved effective environment configuration file is "/workspace/work/actions-mk3-db-savepoint/developer/setup.yaml".
####  Progress: 00/15  v18.19.3     0.026s  Context: "" <agent@e13229d8d59d> [linux_amd64/Debian GNU/Linux 13 (trixie) [id=debian; version=13]].
Note: 'no-build' setting is active. Only cached, prebuild, or imported environments are allowed!
####  Progress: 01/15  v18.19.3     0.001s  Fresh [private mode] holotree environment 5598d290-c866-2ae4-a51d-5dad5ce3ff34. (parent/pid: 29713/29717)
####  Progress: 02/15  v18.19.3     0.001s  Holotree blueprint is "318089d9095ad813" [linux_amd64 with 2 workers on 1 CPUs from "setup.yaml"].
FINAL unified conda environment descriptor:
---
channels:
- conda-forge
dependencies:
- python=3.12
- git=2.46.0
- nodejs=20.19.3
- go=1.23.6
- jq=1.7.1
- uv=0.9.26
- pip=25.0
- pip:
  - invoke==2.2.0
  - poetry==2.1.1
  - pyyaml==6.0.2
  - pytest==8.3.4
  - ruff==0.8.6
---
####  Progress: 14/15  v18.19.3     0.327s  Restore space from library [with 2 workers on 1 CPUs; with compression: true].
Installation plan is: /workspace/actions-cloud/robocorp/holotree/c2fd1aa_5a1fac3_9fcd2534/rcc_plan.log
Environment configuration descriptor is: /workspace/actions-cloud/robocorp/holotree/c2fd1aa_5a1fac3_9fcd2534/identity.yaml
####  Progress: 15/15  v18.19.3     0.640s  Fresh holotree done [with 2 workers on 1 CPUs].
Note: [Before run] Artifact dir "/workspace/work/actions-mk3-db-savepoint/developer/tmp" already has "environment_linux_amd64_freeze.yaml" in it.
Note: [Before run] Artifact dir "/workspace/work/actions-mk3-db-savepoint/developer/tmp" already has "stderr.log" in it.
Note: [Before run] Artifact dir "/workspace/work/actions-mk3-db-savepoint/developer/tmp" already has "stdout.log" in it.
Above notes mean, that there were files present in directory that was supposed to be empty!
In robot development phase, it might be ok to have these files while building robot.
In production robot/assistant, this might be a mistake, where development files were
left inside robot.zip file. Report these to developer who made this robot/assistant.
Runtime imports:
/workspace/work/actions-mk3-canvas-proof/action_server/.venv/bin/python
/workspace/work/actions-mk3-db-savepoint/action_server/src/actions/server/_database.py
Poetry environment: /workspace/work/actions-mk3-canvas-proof/action_server/.venv
ACTIONS_RUNTIME_TEST_PYTHON: /workspace/work/actions-mk3-canvas-proof/action_server/.venv/bin/python
RUN final-focused poetry run python -m pytest -q tests/action_server_tests/test_database.py::test_nested_transaction_savepoint_start_failure_preserves_error_and_counter tests/action_server_tests/test_database.py::test_database_transactions_nested
RESULT final-focused 0 /workspace/work/actions-mk3-evidence/database-savepoint/final-focused.log
RUN final-database-suite poetry run python -m pytest -q tests/action_server_tests/test_database.py tests/action_server_tests/test_database_shared.py
RESULT final-database-suite 0 /workspace/work/actions-mk3-evidence/database-savepoint/final-database-suite.log
RUN final-lint poetry run invoke lint
RESULT final-lint 0 /workspace/work/actions-mk3-evidence/database-savepoint/final-lint.log
RUN final-typecheck poetry run invoke typecheck
RESULT final-typecheck 0 /workspace/work/actions-mk3-evidence/database-savepoint/final-typecheck.log
CHECK_RESULTS:
final-focused 0 /workspace/work/actions-mk3-evidence/database-savepoint/final-focused.log
final-database-suite 0 /workspace/work/actions-mk3-evidence/database-savepoint/final-database-suite.log
final-lint 0 /workspace/work/actions-mk3-evidence/database-savepoint/final-lint.log
final-typecheck 0 /workspace/work/actions-mk3-evidence/database-savepoint/final-typecheck.log
@@@@@@@@@@@@@@@@@@@@@@@@@@@@@@@@@@@@@@@@@@@@@@@@@@@@@@@@@@@@@@@@@@@@@@@@@@@@@@@@@@@@@@@@@@@@@@@@@@@@@
@@@  From rcc "v18.19.3" (controller: "user") point of view, "actual main robot run" was SUCCESS. @@@
@@@@@@@@@@@@@@@@@@@@@@@@@@@@@@@@@@@@@@@@@@@@@@@@@@@@@@@@@@@@@@@@@@@@@@@@@@@@@@@@@@@@@@@@@@@@@@@@@@@@@
  |  "Build/Pre-run"  relative time allocation ratio:  1:0
  |  "Setup/Run"  relative time allocation ratio:  10:293
OK.
Note: Now running rcc v18.19.3. There is newer rcc version v18.19.5 available, released at 07.09.2026.
