"/workspace/work/actions-mk3-db-savepoint/developer/toolkit.yaml" as robot.yaml is:
# Repository developer toolkit.
#
# RCC owns the reproducible toolchain and task boundary. Poetry remains the
# dependency and package-release authority inside each package.

tasks:
  Doctor:
    shell: python toolkit.py doctor

devTasks:
  Doctor:
    shell: python toolkit.py doctor
  Bootstrap:
    shell: python toolkit.py bootstrap
  Test:
    shell: python toolkit.py test
  ToolkitTest:
    shell: python toolkit.py toolkit-test
  Lint:
    shell: python toolkit.py lint
  Typecheck:
    shell: python toolkit.py typecheck
  Docs:
    shell: python toolkit.py docs
  CheckAll:
    shell: python toolkit.py check-all
  Coverage:
    shell: python toolkit.py coverage
  FrontendTest:
    shell: python toolkit.py frontend-test
  InstallCommunity:
    shell: python toolkit.py install-community

environmentConfigs:
  - setup_windows_amd64.yaml
  - setup.yaml

artifactsDir: tmp

PATH:
  - .
PYTHONPATH:
  - .
ignoreFiles:
  - ../.gitignore

Note! For now, resolved effective environment configuration file is "/workspace/work/actions-mk3-db-savepoint/developer/setup.yaml".
####  Progress: 00/15  v18.19.3     0.019s  Context: "" <agent@e13229d8d59d> [linux_amd64/Debian GNU/Linux 13 (trixie) [id=debian; version=13]].
Note: 'no-build' setting is active. Only cached, prebuild, or imported environments are allowed!
####  Progress: 01/15  v18.19.3     0.000s  Fresh [private mode] holotree environment 5598d290-c866-2ae4-a51d-5dad5ce3ff34. (parent/pid: 28936/28940)
####  Progress: 02/15  v18.19.3     0.001s  Holotree blueprint is "318089d9095ad813" [linux_amd64 with 4 workers on 5 CPUs from "setup.yaml"].
FINAL unified conda environment descriptor:
---
channels:
- conda-forge
dependencies:
- python=3.12
- git=2.46.0
- nodejs=20.19.3
- go=1.23.6
- jq=1.7.1
- uv=0.9.26
- pip=25.0
- pip:
  - invoke==2.2.0
  - poetry==2.1.1
  - pyyaml==6.0.2
  - pytest==8.3.4
  - ruff==0.8.6
---
####  Progress: 14/15  v18.19.3     0.345s  Restore space from library [with 4 workers on 5 CPUs; with compression: true].
Installation plan is: /workspace/actions-cloud/robocorp/holotree/c2fd1aa_5a1fac3_9fcd2534/rcc_plan.log
Environment configuration descriptor is: /workspace/actions-cloud/robocorp/holotree/c2fd1aa_5a1fac3_9fcd2534/identity.yaml
####  Progress: 15/15  v18.19.3     0.637s  Fresh holotree done [with 4 workers on 5 CPUs].
Note: [Before run] Artifact dir "/workspace/work/actions-mk3-db-savepoint/developer/tmp" already has "environment_linux_amd64_freeze.yaml" in it.
Note: [Before run] Artifact dir "/workspace/work/actions-mk3-db-savepoint/developer/tmp" already has "stderr.log" in it.
Note: [Before run] Artifact dir "/workspace/work/actions-mk3-db-savepoint/developer/tmp" already has "stdout.log" in it.
Above notes mean, that there were files present in directory that was supposed to be empty!
In robot development phase, it might be ok to have these files while building robot.
In production robot/assistant, this might be a mistake, where development files were
left inside robot.zip file. Report these to developer who made this robot/assistant.
cwd: /workspace/work/actions-mk3-db-savepoint/action_server
VIRTUAL_ENV removed: True
POETRY_ACTIVE removed: True
PYTHONPATH removed: True
PATH[0]: /workspace/work/actions-mk3-canvas-proof/action_server/.venv/bin
ACTION_SERVER_SKIP_DOWNLOAD_IN_BUILD: true
command: poetry build -f wheel -o /workspace/work/actions-mk3-evidence/database-savepoint/poetry-build-out
poetry version: Poetry (version 2.1.1)
exit: 1
===== STDOUT =====
Building actions-runtime (1.0.3)
Building wheel
===== STDERR =====

PEP517 build of a dependency failed

Backend subprocess exited when trying to invoke build_wheel

    | Command '['/workspace/actions-cloud/robocorp/temp/c7ea8f77f08229ee/tmpyi6poxh2/.venv/bin/python', '/workspace/actions-cloud/robocorp/holotree/c2fd1aa_5a1fac3_9fcd2534/lib/python3.12/site-packages/pyproject_hooks/_in_process/_in_process.py', 'build_wheel', '/workspace/actions-cloud/robocorp/temp/c7ea8f77f08229ee/tmpq1mvsiin']' returned non-zero exit status 1.
    | 
    | Traceback (most recent call last):
    |   File "/workspace/actions-cloud/robocorp/holotree/c2fd1aa_5a1fac3_9fcd2534/lib/python3.12/site-packages/pyproject_hooks/_in_process/_in_process.py", line 406, in <module>
    |     main()
    |   File "/workspace/actions-cloud/robocorp/holotree/c2fd1aa_5a1fac3_9fcd2534/lib/python3.12/site-packages/pyproject_hooks/_in_process/_in_process.py", line 381, in main
    |     json_out["return_val"] = hook(**hook_input["kwargs"])
    |                              ^^^^^^^^^^^^^^^^^^^^^^^^^^^^
    |   File "/workspace/actions-cloud/robocorp/holotree/c2fd1aa_5a1fac3_9fcd2534/lib/python3.12/site-packages/pyproject_hooks/_in_process/_in_process.py", line 286, in build_wheel
    |     return _build_backend().build_wheel(
    |            ^^^^^^^^^^^^^^^^^^^^^^^^^^^^^
    |   File "/workspace/actions-cloud/robocorp/temp/c7ea8f77f08229ee/tmpyi6poxh2/.venv/lib/python3.12/site-packages/poetry/core/masonry/api.py", line 58, in build_wheel
    |     return WheelBuilder.make_in(
    |            ^^^^^^^^^^^^^^^^^^^^^
    |   File "/workspace/actions-cloud/robocorp/temp/c7ea8f77f08229ee/tmpyi6poxh2/.venv/lib/python3.12/site-packages/poetry/core/masonry/builders/wheel.py", line 95, in make_in
    |     wb.build(target_dir=directory)
    |   File "/workspace/actions-cloud/robocorp/temp/c7ea8f77f08229ee/tmpyi6poxh2/.venv/lib/python3.12/site-packages/poetry/core/masonry/builders/wheel.py", line 131, in build
    |     self._copy_module(zip_file)
    |   File "/workspace/actions-cloud/robocorp/temp/c7ea8f77f08229ee/tmpyi6poxh2/.venv/lib/python3.12/site-packages/poetry/core/masonry/builders/wheel.py", line 307, in _copy_module
    |     to_add = self.find_files_to_add()
    |              ^^^^^^^^^^^^^^^^^^^^^^^^
    |   File "/workspace/actions-cloud/robocorp/temp/c7ea8f77f08229ee/tmpyi6poxh2/.venv/lib/python3.12/site-packages/poetry/core/masonry/builders/builder.py", line 197, in find_files_to_add
    |     include_file.relative_to_project_root()
    |   File "/workspace/actions-cloud/robocorp/temp/c7ea8f77f08229ee/tmpyi6poxh2/.venv/lib/python3.12/site-packages/poetry/core/masonry/builders/builder.py", line 381, in relative_to_project_root
    |     return self.path.relative_to(self.project_root)
    |            ^^^^^^^^^^^^^^^^^^^^^^^^^^^^^^^^^^^^^^^^
    |   File "/workspace/actions-cloud/robocorp/holotree/c2fd1aa_5a1fac3_9fcd2534/lib/python3.12/pathlib.py", line 682, in relative_to
    |     raise ValueError(f"{str(self)!r} is not in the subpath of {str(other)!r}")
    | ValueError: '/workspace/actions-cloud/bin/rcc' is not in the subpath of '/workspace/work/actions-mk3-db-savepoint/action_server'

Note: This error originates from the build backend, and is likely not a problem with poetry but one of the following issues with /workspace/work/actions-mk3-db-savepoint/action_server

  - not supporting PEP 517 builds
  - not specifying PEP 517 build requirements correctly
  - the build requirements are incompatible with your operating system or Python version
  - the build requirements are missing system dependencies (eg: compilers, libraries, headers).

You can verify this by running pip wheel --no-cache-dir --use-pep517 "/workspace/work/actions-mk3-db-savepoint/action_server".
Process 28968: exit status 1, command: /workspace/actions-cloud/robocorp/holotree/c2fd1aa_5a1fac3_9fcd2534/bin/python3.12 [/workspace/work/actions-mk3-evidence/database-savepoint/run_poetry_build_diagnostic.py] [v18.19.3/28940]
@@@@@@@@@@@@@@@@@@@@@@@@@@@@@@@@@@@@@@@@@@@@@@@@@@@@@@@@@@@@@@@@@@@@@@@@@@@@@@@@@@@@@@@@@@@@@@@@@@@@@@@@@@@@@@@@@@@@@@@@@@@@@@@@@@@@@@@@@@@@@@@@@@
@@@  From rcc "v18.19.3" (controller: "user") point of view, "actual main robot run" was FAILURE, reason: "exit status 1". See details above.  @@@
@@@@@@@@@@@@@@@@@@@@@@@@@@@@@@@@@@@@@@@@@@@@@@@@@@@@@@@@@@@@@@@@@@@@@@@@@@@@@@@@@@@@@@@@@@@@@@@@@@@@@@@@@@@@@@@@@@@@@@@@@@@@@@@@@@@@@@@@@@@@@@@@@@
  |  "Build/Pre-run"  relative time allocation ratio:  1:0
  |  "Setup/Run"  relative time allocation ratio:  5:26
Note: Now running rcc v18.19.3. There is newer rcc version v18.19.5 available, released at 07.09.2026.
Error: exit status 1 (robot run exit)
[rcc] exit status will be: 10!
