"/workspace/work/actions-mk3-db-savepoint/developer/toolkit.yaml" as robot.yaml is:
# Repository developer toolkit.
#
# RCC owns the reproducible toolchain and task boundary. Poetry remains the
# dependency and package-release authority inside each package.

tasks:
  Doctor:
    shell: python toolkit.py doctor

devTasks:
  Doctor:
    shell: python toolkit.py doctor
  Bootstrap:
    shell: python toolkit.py bootstrap
  Test:
    shell: python toolkit.py test
  ToolkitTest:
    shell: python toolkit.py toolkit-test
  Lint:
    shell: python toolkit.py lint
  Typecheck:
    shell: python toolkit.py typecheck
  Docs:
    shell: python toolkit.py docs
  CheckAll:
    shell: python toolkit.py check-all
  Coverage:
    shell: python toolkit.py coverage
  FrontendTest:
    shell: python toolkit.py frontend-test
  InstallCommunity:
    shell: python toolkit.py install-community

environmentConfigs:
  - setup_windows_amd64.yaml
  - setup.yaml

artifactsDir: tmp

PATH:
  - .
PYTHONPATH:
  - .
ignoreFiles:
  - ../.gitignore

Note! For now, resolved effective environment configuration file is "/workspace/work/actions-mk3-db-savepoint/developer/setup.yaml".
####  Progress: 00/15  v18.19.3     0.018s  Context: "" <agent@e13229d8d59d> [linux_amd64/Debian GNU/Linux 13 (trixie) [id=debian; version=13]].
Note: 'no-build' setting is active. Only cached, prebuild, or imported environments are allowed!
####  Progress: 01/15  v18.19.3     0.001s  Fresh [private mode] holotree environment 5598d290-c866-2ae4-a51d-5dad5ce3ff34. (parent/pid: 23383/23386)
####  Progress: 02/15  v18.19.3     0.001s  Holotree blueprint is "318089d9095ad813" [linux_amd64 with 2 workers on 1 CPUs from "setup.yaml"].
FINAL unified conda environment descriptor:
---
channels:
- conda-forge
dependencies:
- python=3.12
- git=2.46.0
- nodejs=20.19.3
- go=1.23.6
- jq=1.7.1
- uv=0.9.26
- pip=25.0
- pip:
  - invoke==2.2.0
  - poetry==2.1.1
  - pyyaml==6.0.2
  - pytest==8.3.4
  - ruff==0.8.6
---
####  Progress: 14/15  v18.19.3     0.337s  Restore space from library [with 2 workers on 1 CPUs; with compression: true].
Installation plan is: /workspace/actions-cloud/robocorp/holotree/c2fd1aa_5a1fac3_9fcd2534/rcc_plan.log
Environment configuration descriptor is: /workspace/actions-cloud/robocorp/holotree/c2fd1aa_5a1fac3_9fcd2534/identity.yaml
####  Progress: 15/15  v18.19.3     0.694s  Fresh holotree done [with 2 workers on 1 CPUs].
Note: [Before run] Artifact dir "/workspace/work/actions-mk3-db-savepoint/developer/tmp" already has "environment_linux_amd64_freeze.yaml" in it.
Note: [Before run] Artifact dir "/workspace/work/actions-mk3-db-savepoint/developer/tmp" already has "stderr.log" in it.
Note: [Before run] Artifact dir "/workspace/work/actions-mk3-db-savepoint/developer/tmp" already has "stdout.log" in it.
Above notes mean, that there were files present in directory that was supposed to be empty!
In robot development phase, it might be ok to have these files while building robot.
In production robot/assistant, this might be a mistake, where development files were
left inside robot.zip file. Report these to developer who made this robot/assistant.
RCC wrapper Python: /workspace/actions-cloud/robocorp/holotree/c2fd1aa_5a1fac3_9fcd2534/bin/python3.12
prepared package Python: /workspace/work/actions-mk3-canvas-proof/action_server/.venv/bin/python
package_python: /workspace/work/actions-mk3-canvas-proof/action_server/.venv/bin/python
package_prefix: /workspace/work/actions-mk3-canvas-proof/action_server/.venv
database_module: /workspace/work/actions-mk3-db-savepoint/action_server/src/actions/server/_database.py
manifest hashes: {'pyproject.toml': 'be4011d3915e8838249546c70ae30420dadfb0d08c19b59970d8980332c7573f', 'poetry.lock': '5d6acb65ba220211d1da020c78c51a5ea89465f2bbedc99aaf72319b862914e5'}
RUN focused-red-to-green: /workspace/work/actions-mk3-canvas-proof/action_server/.venv/bin/python -m pytest -q tests/action_server_tests/test_database.py::test_nested_transaction_savepoint_start_failure_preserves_error_and_counter tests/action_server_tests/test_database.py::test_database_transactions_nested
RESULT focused-red-to-green: exit=0 log=/workspace/work/actions-mk3-evidence/database-savepoint/focused-red-to-green.log
RUN database-tests: /workspace/work/actions-mk3-canvas-proof/action_server/.venv/bin/python -m pytest -q tests/action_server_tests/test_database.py tests/action_server_tests/test_database_shared.py
RESULT database-tests: exit=0 log=/workspace/work/actions-mk3-evidence/database-savepoint/database-tests.log
RUN runtime-lint: /workspace/work/actions-mk3-canvas-proof/action_server/.venv/bin/python -m invoke lint
RESULT runtime-lint: exit=1 log=/workspace/work/actions-mk3-evidence/database-savepoint/runtime-lint.log
RUN runtime-typecheck: /workspace/work/actions-mk3-canvas-proof/action_server/.venv/bin/python -m invoke typecheck
RESULT runtime-typecheck: exit=0 log=/workspace/work/actions-mk3-evidence/database-savepoint/runtime-typecheck.log
RUN runtime-full-non-integration: /workspace/work/actions-mk3-canvas-proof/action_server/.venv/bin/python -m invoke test-not-integration
RESULT runtime-full-non-integration: exit=1 log=/workspace/work/actions-mk3-evidence/database-savepoint/runtime-full-non-integration.log
CHECK_RESULTS:
focused-red-to-green 0 /workspace/work/actions-mk3-evidence/database-savepoint/focused-red-to-green.log
database-tests 0 /workspace/work/actions-mk3-evidence/database-savepoint/database-tests.log
runtime-lint 1 /workspace/work/actions-mk3-evidence/database-savepoint/runtime-lint.log
runtime-typecheck 0 /workspace/work/actions-mk3-evidence/database-savepoint/runtime-typecheck.log
runtime-full-non-integration 1 /workspace/work/actions-mk3-evidence/database-savepoint/runtime-full-non-integration.log
Process 23393: exit status 1, command: /workspace/actions-cloud/robocorp/holotree/c2fd1aa_5a1fac3_9fcd2534/bin/python3.12 [/workspace/work/actions-mk3-evidence/database-savepoint/run_runtime_checks.py] [v18.19.3/23386]
@@@@@@@@@@@@@@@@@@@@@@@@@@@@@@@@@@@@@@@@@@@@@@@@@@@@@@@@@@@@@@@@@@@@@@@@@@@@@@@@@@@@@@@@@@@@@@@@@@@@@@@@@@@@@@@@@@@@@@@@@@@@@@@@@@@@@@@@@@@@@@@@@@
@@@  From rcc "v18.19.3" (controller: "user") point of view, "actual main robot run" was FAILURE, reason: "exit status 1". See details above.  @@@
@@@@@@@@@@@@@@@@@@@@@@@@@@@@@@@@@@@@@@@@@@@@@@@@@@@@@@@@@@@@@@@@@@@@@@@@@@@@@@@@@@@@@@@@@@@@@@@@@@@@@@@@@@@@@@@@@@@@@@@@@@@@@@@@@@@@@@@@@@@@@@@@@@
  |  "Build/Pre-run"  relative time allocation ratio:  1:0
  |  "Setup/Run"  relative time allocation ratio:  1:240
Note: Now running rcc v18.19.3. There is newer rcc version v18.19.5 available, released at 07.09.2026.
Error: exit status 1 (robot run exit)
[rcc] exit status will be: 10!
